// Jest Snapshot v1, https://goo.gl/fbAQLP

exports[`OrderviewIndexPattern Invalid props dont cause an exception: "" 1`] = `""`;
